================================================
   Roman_Calculator 1.0: tests/test-suite.log
================================================

# TOTAL: 1
# PASS:  0
# SKIP:  0
# XFAIL: 0
# FAIL:  1
# XPASS: 0
# ERROR: 0

.. contents:: :depth: 2

FAIL: roman_dec
===============

Running suite(s): Roman
0%: Checks: 1, Failures: 0, Errors: 1
roman_dec.c:9:E:Core:test_roman_create:0: (after this point) Received signal 11 (Segmentation fault)
FAIL roman_dec (exit status: 1)

